---
http_interactions:
- request:
    method: post
    uri: https://api.exa.ai/websets/v0/websets
    body:
      encoding: UTF-8
      string: '{"search":{"query":"E-commerce companies in California with recent
        funding","count":1,"entity":{"type":"company"},"criteria":[{"description":"raised
        funding in the last 12 months"},{"description":"focused on direct-to-consumer
        products"}]},"enrichments":[{"description":"Recent funding amount","format":"text"},{"description":"LinkedIn
        URL","format":"url"}],"metadata":{"project":"Q1-2024-research","team":"growth"}}'
    headers:
      X-Api-Key:
      - "<EXA_API_KEY>"
      User-Agent:
      - Faraday v2.14.0
      Content-Type:
      - application/json
      Accept-Encoding:
      - gzip;q=1.0,deflate;q=0.6,identity;q=0.3
      Accept:
      - "*/*"
  response:
    status:
      code: 201
      message: Created
    headers:
      Date:
      - Sun, 23 Nov 2025 00:35:30 GMT
      Content-Type:
      - application/json; charset=utf-8
      Content-Length:
      - '1624'
      Connection:
      - keep-alive
      Nel:
      - '{"report_to":"cf-nel","success_fraction":0.0,"max_age":604800}'
      Content-Security-Policy:
      - frame-ancestors 'self'
      Cross-Origin-Opener-Policy:
      - same-origin
      Cross-Origin-Resource-Policy:
      - same-origin
      Origin-Agent-Cluster:
      - "?1"
      Referrer-Policy:
      - no-referrer
      Strict-Transport-Security:
      - max-age=31536000; includeSubDomains
      X-Content-Type-Options:
      - nosniff
      X-Dns-Prefetch-Control:
      - 'off'
      X-Download-Options:
      - noopen
      X-Frame-Options:
      - DENY
      X-Permitted-Cross-Domain-Policies:
      - none
      X-Xss-Protection:
      - '0'
      Vary:
      - Origin
      Access-Control-Allow-Credentials:
      - 'true'
      Etag:
      - W/"658-zW3QyalsPqx/8O2lSCmeA5NBD38"
      Report-To:
      - '{"group":"cf-nel","max_age":604800,"endpoints":[{"url":"https://a.nel.cloudflare.com/report/v4?s=ghREQf7xF44lEQksaKESD4mEAXpTvjCHNRnsDJ3Npt%2Bpw32KTkUchP%2BZ%2FTOkMAZYucP0sWYtpSJedtlpQNxMqSoUL3gN5bM90M1hFcHbMiy%2F1dM%3D"}]}'
      Cf-Cache-Status:
      - DYNAMIC
      Server:
      - cloudflare
      Cf-Ray:
      - 9a2c961c893d8456-EWR
    body:
      encoding: UTF-8
      string: '{"id":"webset_01kaq264xhj1h28r5x0xnvdt3r","object":"webset","status":"running","externalId":null,"title":null,"searches":[{"id":"wsearch_01kaq267v95bhgva289ytxzpnv","object":"webset_search","websetId":"webset_01kaq264xhj1h28r5x0xnvdt3r","status":"running","query":"E-commerce
        companies in California with recent funding","entity":{"type":"company"},"criteria":[{"description":"raised
        funding in the last 12 months","successRate":0},{"description":"focused on
        direct-to-consumer products","successRate":0}],"count":1,"behavior":"override","exclude":[],"scope":[],"progress":{"found":0,"analyzed":0,"completion":0,"timeLeft":null},"recall":null,"metadata":{},"canceledAt":null,"canceledReason":null,"createdAt":"2025-11-23T00:35:28.745Z","updatedAt":"2025-11-23T00:35:29.099Z"}],"imports":[],"enrichments":[{"id":"wenrich_cmiazl6hg000gj01sdk5vkw46","object":"webset_enrichment","status":"pending","websetId":"webset_01kaq264xhj1h28r5x0xnvdt3r","title":null,"description":"Recent
        funding amount","format":"text","options":null,"instructions":null,"metadata":{},"createdAt":"2025-11-23T00:35:28.660Z","updatedAt":"2025-11-23T00:35:28.660Z"},{"id":"wenrich_cmiazl6hg000hj01sc68j39cd","object":"webset_enrichment","status":"pending","websetId":"webset_01kaq264xhj1h28r5x0xnvdt3r","title":null,"description":"LinkedIn
        URL","format":"url","options":null,"instructions":null,"metadata":{},"createdAt":"2025-11-23T00:35:28.660Z","updatedAt":"2025-11-23T00:35:28.660Z"}],"monitors":[],"excludes":[],"metadata":{"team":"growth","project":"Q1-2024-research"},"createdAt":"2025-11-23T00:35:25.745Z","updatedAt":"2025-11-23T00:35:29.099Z"}'
  recorded_at: Sun, 23 Nov 2025 00:35:30 GMT
- request:
    method: get
    uri: https://api.exa.ai/websets/v0/websets/webset_01kaq264xhj1h28r5x0xnvdt3r
    body:
      encoding: US-ASCII
      string: ''
    headers:
      X-Api-Key:
      - "<EXA_API_KEY>"
      User-Agent:
      - Faraday v2.14.0
      Accept-Encoding:
      - gzip;q=1.0,deflate;q=0.6,identity;q=0.3
      Accept:
      - "*/*"
  response:
    status:
      code: 200
      message: OK
    headers:
      Date:
      - Sun, 23 Nov 2025 00:35:30 GMT
      Content-Type:
      - application/json; charset=utf-8
      Transfer-Encoding:
      - chunked
      Connection:
      - keep-alive
      Nel:
      - '{"report_to":"cf-nel","success_fraction":0.0,"max_age":604800}'
      Content-Security-Policy:
      - frame-ancestors 'self'
      Cross-Origin-Opener-Policy:
      - same-origin
      Cross-Origin-Resource-Policy:
      - same-origin
      Origin-Agent-Cluster:
      - "?1"
      Referrer-Policy:
      - no-referrer
      Strict-Transport-Security:
      - max-age=31536000; includeSubDomains
      X-Content-Type-Options:
      - nosniff
      X-Dns-Prefetch-Control:
      - 'off'
      X-Download-Options:
      - noopen
      X-Frame-Options:
      - DENY
      X-Permitted-Cross-Domain-Policies:
      - none
      X-Xss-Protection:
      - '0'
      Vary:
      - Origin
      Access-Control-Allow-Credentials:
      - 'true'
      Etag:
      - W/"663-hTs+QhQLn5yHUqs9RtLN0XVojaw"
      Report-To:
      - '{"group":"cf-nel","max_age":604800,"endpoints":[{"url":"https://a.nel.cloudflare.com/report/v4?s=SrIBK0X0smaK2ovjkg%2Bp3JnTbL486Ygn4ZVsliQzjXQ%2BYEGiXaRpbArSxRBjmghmEaST8VH9H%2F4xE9ziS4yHq%2FimSj8fUeLcPLFlwiZYfG1A3R1sVA%3D%3D"}]}'
      Cf-Cache-Status:
      - DYNAMIC
      Server:
      - cloudflare
      Cf-Ray:
      - 9a2c9641598e269c-EWR
    body:
      encoding: ASCII-8BIT
      string: '{"id":"webset_01kaq264xhj1h28r5x0xnvdt3r","object":"webset","status":"running","externalId":null,"title":null,"searches":[{"id":"wsearch_01kaq267v95bhgva289ytxzpnv","object":"webset_search","websetId":"webset_01kaq264xhj1h28r5x0xnvdt3r","status":"running","query":"E-commerce
        companies in California with recent funding","entity":{"type":"company"},"criteria":[{"description":"raised
        funding in the last 12 months","successRate":0},{"description":"focused on
        direct-to-consumer products","successRate":0}],"count":1,"behavior":"override","exclude":[],"scope":[],"progress":{"found":0,"analyzed":0,"completion":0,"timeLeft":null},"recall":null,"metadata":{},"canceledAt":null,"canceledReason":null,"createdAt":"2025-11-23T00:35:28.745Z","updatedAt":"2025-11-23T00:35:29.099Z"}],"imports":[],"enrichments":[{"id":"wenrich_cmiazl6hg000gj01sdk5vkw46","object":"webset_enrichment","status":"pending","websetId":"webset_01kaq264xhj1h28r5x0xnvdt3r","title":null,"description":"Recent
        funding amount","format":"text","options":null,"instructions":null,"metadata":{},"createdAt":"2025-11-23T00:35:28.660Z","updatedAt":"2025-11-23T00:35:28.660Z"},{"id":"wenrich_cmiazl6hg000hj01sc68j39cd","object":"webset_enrichment","status":"pending","websetId":"webset_01kaq264xhj1h28r5x0xnvdt3r","title":null,"description":"LinkedIn
        URL","format":"url","options":null,"instructions":null,"metadata":{},"createdAt":"2025-11-23T00:35:28.660Z","updatedAt":"2025-11-23T00:35:28.660Z"}],"monitors":[],"excludes":[],"metadata":{"team":"growth","project":"Q1-2024-research"},"createdAt":"2025-11-23T00:35:25.745Z","updatedAt":"2025-11-23T00:35:29.099Z","items":[]}'
  recorded_at: Sun, 23 Nov 2025 00:35:30 GMT
- request:
    method: get
    uri: https://api.exa.ai/websets/v0/websets/webset_01kaq264xhj1h28r5x0xnvdt3r
    body:
      encoding: US-ASCII
      string: ''
    headers:
      X-Api-Key:
      - "<EXA_API_KEY>"
      User-Agent:
      - Faraday v2.14.0
      Accept-Encoding:
      - gzip;q=1.0,deflate;q=0.6,identity;q=0.3
      Accept:
      - "*/*"
  response:
    status:
      code: 200
      message: OK
    headers:
      Date:
      - Sun, 23 Nov 2025 00:35:33 GMT
      Content-Type:
      - application/json; charset=utf-8
      Transfer-Encoding:
      - chunked
      Connection:
      - keep-alive
      Nel:
      - '{"report_to":"cf-nel","success_fraction":0.0,"max_age":604800}'
      Content-Security-Policy:
      - frame-ancestors 'self'
      Cross-Origin-Opener-Policy:
      - same-origin
      Cross-Origin-Resource-Policy:
      - same-origin
      Origin-Agent-Cluster:
      - "?1"
      Referrer-Policy:
      - no-referrer
      Strict-Transport-Security:
      - max-age=31536000; includeSubDomains
      X-Content-Type-Options:
      - nosniff
      X-Dns-Prefetch-Control:
      - 'off'
      X-Download-Options:
      - noopen
      X-Frame-Options:
      - DENY
      X-Permitted-Cross-Domain-Policies:
      - none
      X-Xss-Protection:
      - '0'
      Vary:
      - Origin
      Access-Control-Allow-Credentials:
      - 'true'
      Etag:
      - W/"692-IcOzehgweyID0dBwJNM5Hq7OHRI"
      Report-To:
      - '{"group":"cf-nel","max_age":604800,"endpoints":[{"url":"https://a.nel.cloudflare.com/report/v4?s=j4oKuVn8i8fMUbsKf32cu%2B3XDHs49IYvvXKq9w9VnD65uzdtrXISdwEF5ItYj88REOXlv5nuVrZH7KfVxoG%2BbHm9f9p0%2BP1ouXOhDbJwTaMo9N9H5A%3D%3D"}]}'
      Cf-Cache-Status:
      - DYNAMIC
      Server:
      - cloudflare
      Cf-Ray:
      - 9a2c9652c8154601-EWR
    body:
      encoding: ASCII-8BIT
      string: '{"id":"webset_01kaq264xhj1h28r5x0xnvdt3r","object":"webset","status":"running","externalId":null,"title":"Companies:
        E-commerce, California, recent funding","searches":[{"id":"wsearch_01kaq267v95bhgva289ytxzpnv","object":"webset_search","websetId":"webset_01kaq264xhj1h28r5x0xnvdt3r","status":"running","query":"E-commerce
        companies in California with recent funding","entity":{"type":"company"},"criteria":[{"description":"raised
        funding in the last 12 months","successRate":25},{"description":"focused on
        direct-to-consumer products","successRate":0}],"count":1,"behavior":"override","exclude":[],"scope":[],"progress":{"found":0,"analyzed":4,"completion":10,"timeLeft":42},"recall":null,"metadata":{},"canceledAt":null,"canceledReason":null,"createdAt":"2025-11-23T00:35:28.745Z","updatedAt":"2025-11-23T00:35:30.760Z"}],"imports":[],"enrichments":[{"id":"wenrich_cmiazl6hg000gj01sdk5vkw46","object":"webset_enrichment","status":"pending","websetId":"webset_01kaq264xhj1h28r5x0xnvdt3r","title":null,"description":"Recent
        funding amount","format":"text","options":null,"instructions":null,"metadata":{},"createdAt":"2025-11-23T00:35:28.660Z","updatedAt":"2025-11-23T00:35:28.660Z"},{"id":"wenrich_cmiazl6hg000hj01sc68j39cd","object":"webset_enrichment","status":"pending","websetId":"webset_01kaq264xhj1h28r5x0xnvdt3r","title":null,"description":"LinkedIn
        URL","format":"url","options":null,"instructions":null,"metadata":{},"createdAt":"2025-11-23T00:35:28.660Z","updatedAt":"2025-11-23T00:35:28.660Z"}],"monitors":[],"excludes":[],"metadata":{"team":"growth","project":"Q1-2024-research"},"createdAt":"2025-11-23T00:35:25.745Z","updatedAt":"2025-11-23T00:35:30.760Z","items":[]}'
  recorded_at: Sun, 23 Nov 2025 00:35:33 GMT
- request:
    method: get
    uri: https://api.exa.ai/websets/v0/websets/webset_01kaq264xhj1h28r5x0xnvdt3r
    body:
      encoding: US-ASCII
      string: ''
    headers:
      X-Api-Key:
      - "<EXA_API_KEY>"
      User-Agent:
      - Faraday v2.14.0
      Accept-Encoding:
      - gzip;q=1.0,deflate;q=0.6,identity;q=0.3
      Accept:
      - "*/*"
  response:
    status:
      code: 200
      message: OK
    headers:
      Date:
      - Sun, 23 Nov 2025 00:35:36 GMT
      Content-Type:
      - application/json; charset=utf-8
      Transfer-Encoding:
      - chunked
      Connection:
      - keep-alive
      Nel:
      - '{"report_to":"cf-nel","success_fraction":0.0,"max_age":604800}'
      Content-Security-Policy:
      - frame-ancestors 'self'
      Cross-Origin-Opener-Policy:
      - same-origin
      Cross-Origin-Resource-Policy:
      - same-origin
      Origin-Agent-Cluster:
      - "?1"
      Referrer-Policy:
      - no-referrer
      Strict-Transport-Security:
      - max-age=31536000; includeSubDomains
      X-Content-Type-Options:
      - nosniff
      X-Dns-Prefetch-Control:
      - 'off'
      X-Download-Options:
      - noopen
      X-Frame-Options:
      - DENY
      X-Permitted-Cross-Domain-Policies:
      - none
      X-Xss-Protection:
      - '0'
      Vary:
      - Origin
      Access-Control-Allow-Credentials:
      - 'true'
      Etag:
      - W/"693-HT24tziVEtl1uQz0sx7otuAiIEc"
      Report-To:
      - '{"group":"cf-nel","max_age":604800,"endpoints":[{"url":"https://a.nel.cloudflare.com/report/v4?s=YpeGqxy9h8FSyYrXjbCC%2BpK0tHQEUPbnayHbsRm5HIfBIZCZQwmMV4qfX49X6wZAx7UXPNAHAaw5TC%2B9SqC3jgj%2F6vSjTxFl%2B9C0pImygo69Z%2FKEaQ%3D%3D"}]}'
      Cf-Cache-Status:
      - DYNAMIC
      Server:
      - cloudflare
      Cf-Ray:
      - 9a2c96635fe428c9-EWR
    body:
      encoding: ASCII-8BIT
      string: '{"id":"webset_01kaq264xhj1h28r5x0xnvdt3r","object":"webset","status":"running","externalId":null,"title":"Companies:
        E-commerce, California, recent funding","searches":[{"id":"wsearch_01kaq267v95bhgva289ytxzpnv","object":"webset_search","websetId":"webset_01kaq264xhj1h28r5x0xnvdt3r","status":"running","query":"E-commerce
        companies in California with recent funding","entity":{"type":"company"},"criteria":[{"description":"raised
        funding in the last 12 months","successRate":40},{"description":"focused on
        direct-to-consumer products","successRate":20}],"count":1,"behavior":"override","exclude":[],"scope":[],"progress":{"found":1,"analyzed":5,"completion":100,"timeLeft":0},"recall":null,"metadata":{},"canceledAt":null,"canceledReason":null,"createdAt":"2025-11-23T00:35:28.745Z","updatedAt":"2025-11-23T00:35:30.760Z"}],"imports":[],"enrichments":[{"id":"wenrich_cmiazl6hg000gj01sdk5vkw46","object":"webset_enrichment","status":"pending","websetId":"webset_01kaq264xhj1h28r5x0xnvdt3r","title":null,"description":"Recent
        funding amount","format":"text","options":null,"instructions":null,"metadata":{},"createdAt":"2025-11-23T00:35:28.660Z","updatedAt":"2025-11-23T00:35:28.660Z"},{"id":"wenrich_cmiazl6hg000hj01sc68j39cd","object":"webset_enrichment","status":"pending","websetId":"webset_01kaq264xhj1h28r5x0xnvdt3r","title":null,"description":"LinkedIn
        URL","format":"url","options":null,"instructions":null,"metadata":{},"createdAt":"2025-11-23T00:35:28.660Z","updatedAt":"2025-11-23T00:35:28.660Z"}],"monitors":[],"excludes":[],"metadata":{"team":"growth","project":"Q1-2024-research"},"createdAt":"2025-11-23T00:35:25.745Z","updatedAt":"2025-11-23T00:35:30.760Z","items":[]}'
  recorded_at: Sun, 23 Nov 2025 00:35:36 GMT
- request:
    method: get
    uri: https://api.exa.ai/websets/v0/websets/webset_01kaq264xhj1h28r5x0xnvdt3r
    body:
      encoding: US-ASCII
      string: ''
    headers:
      X-Api-Key:
      - "<EXA_API_KEY>"
      User-Agent:
      - Faraday v2.14.0
      Accept-Encoding:
      - gzip;q=1.0,deflate;q=0.6,identity;q=0.3
      Accept:
      - "*/*"
  response:
    status:
      code: 200
      message: OK
    headers:
      Date:
      - Sun, 23 Nov 2025 00:35:38 GMT
      Content-Type:
      - application/json; charset=utf-8
      Transfer-Encoding:
      - chunked
      Connection:
      - keep-alive
      Nel:
      - '{"report_to":"cf-nel","success_fraction":0.0,"max_age":604800}'
      Content-Security-Policy:
      - frame-ancestors 'self'
      Cross-Origin-Opener-Policy:
      - same-origin
      Cross-Origin-Resource-Policy:
      - same-origin
      Origin-Agent-Cluster:
      - "?1"
      Referrer-Policy:
      - no-referrer
      Strict-Transport-Security:
      - max-age=31536000; includeSubDomains
      X-Content-Type-Options:
      - nosniff
      X-Dns-Prefetch-Control:
      - 'off'
      X-Download-Options:
      - noopen
      X-Frame-Options:
      - DENY
      X-Permitted-Cross-Domain-Policies:
      - none
      X-Xss-Protection:
      - '0'
      Vary:
      - Origin
      Access-Control-Allow-Credentials:
      - 'true'
      Etag:
      - W/"696-5yknr+dnoJtthfTXa0fwXuuC4UQ"
      Report-To:
      - '{"group":"cf-nel","max_age":604800,"endpoints":[{"url":"https://a.nel.cloudflare.com/report/v4?s=pEkwNrwSlX6bpZWLMHuEtOCfWsUzcKNHGvg0yM1DOPbGrQp%2BJ3PDDW9SAqOqm4BcMJuLH9W%2Bj86rCE9XVu%2Fsnn2upsazWjaRQabqB8WifI%2FH4UBscQ%3D%3D"}]}'
      Cf-Cache-Status:
      - DYNAMIC
      Server:
      - cloudflare
      Cf-Ray:
      - 9a2c9673ecf7f3e6-EWR
    body:
      encoding: ASCII-8BIT
      string: '{"id":"webset_01kaq264xhj1h28r5x0xnvdt3r","object":"webset","status":"running","externalId":null,"title":"Companies:
        E-commerce, California, recent funding","searches":[{"id":"wsearch_01kaq267v95bhgva289ytxzpnv","object":"webset_search","websetId":"webset_01kaq264xhj1h28r5x0xnvdt3r","status":"running","query":"E-commerce
        companies in California with recent funding","entity":{"type":"company"},"criteria":[{"description":"raised
        funding in the last 12 months","successRate":50},{"description":"focused on
        direct-to-consumer products","successRate":16.67}],"count":1,"behavior":"override","exclude":[],"scope":[],"progress":{"found":1,"analyzed":6,"completion":100,"timeLeft":0},"recall":null,"metadata":{},"canceledAt":null,"canceledReason":null,"createdAt":"2025-11-23T00:35:28.745Z","updatedAt":"2025-11-23T00:35:30.760Z"}],"imports":[],"enrichments":[{"id":"wenrich_cmiazl6hg000gj01sdk5vkw46","object":"webset_enrichment","status":"pending","websetId":"webset_01kaq264xhj1h28r5x0xnvdt3r","title":null,"description":"Recent
        funding amount","format":"text","options":null,"instructions":null,"metadata":{},"createdAt":"2025-11-23T00:35:28.660Z","updatedAt":"2025-11-23T00:35:28.660Z"},{"id":"wenrich_cmiazl6hg000hj01sc68j39cd","object":"webset_enrichment","status":"pending","websetId":"webset_01kaq264xhj1h28r5x0xnvdt3r","title":null,"description":"LinkedIn
        URL","format":"url","options":null,"instructions":null,"metadata":{},"createdAt":"2025-11-23T00:35:28.660Z","updatedAt":"2025-11-23T00:35:28.660Z"}],"monitors":[],"excludes":[],"metadata":{"team":"growth","project":"Q1-2024-research"},"createdAt":"2025-11-23T00:35:25.745Z","updatedAt":"2025-11-23T00:35:30.760Z","items":[]}'
  recorded_at: Sun, 23 Nov 2025 00:35:38 GMT
- request:
    method: get
    uri: https://api.exa.ai/websets/v0/websets/webset_01kaq264xhj1h28r5x0xnvdt3r
    body:
      encoding: US-ASCII
      string: ''
    headers:
      X-Api-Key:
      - "<EXA_API_KEY>"
      User-Agent:
      - Faraday v2.14.0
      Accept-Encoding:
      - gzip;q=1.0,deflate;q=0.6,identity;q=0.3
      Accept:
      - "*/*"
  response:
    status:
      code: 200
      message: OK
    headers:
      Date:
      - Sun, 23 Nov 2025 00:35:41 GMT
      Content-Type:
      - application/json; charset=utf-8
      Transfer-Encoding:
      - chunked
      Connection:
      - keep-alive
      Nel:
      - '{"report_to":"cf-nel","success_fraction":0.0,"max_age":604800}'
      Content-Security-Policy:
      - frame-ancestors 'self'
      Cross-Origin-Opener-Policy:
      - same-origin
      Cross-Origin-Resource-Policy:
      - same-origin
      Origin-Agent-Cluster:
      - "?1"
      Referrer-Policy:
      - no-referrer
      Strict-Transport-Security:
      - max-age=31536000; includeSubDomains
      X-Content-Type-Options:
      - nosniff
      X-Dns-Prefetch-Control:
      - 'off'
      X-Download-Options:
      - noopen
      X-Frame-Options:
      - DENY
      X-Permitted-Cross-Domain-Policies:
      - none
      X-Xss-Protection:
      - '0'
      Vary:
      - Origin
      Access-Control-Allow-Credentials:
      - 'true'
      Etag:
      - W/"696-5yknr+dnoJtthfTXa0fwXuuC4UQ"
      Report-To:
      - '{"group":"cf-nel","max_age":604800,"endpoints":[{"url":"https://a.nel.cloudflare.com/report/v4?s=dnDj%2BQwnUmSuMe7%2FPGREn1x7hOMPV%2Bff3EPi0aOqG4mCUyMMiBttNuMgBpdH%2FCoEa7zBNfUMaEnC3FJ3Isd6%2BHqw0aHJiGt0I7DmEIxFPm0CKOQojA%3D%3D"}]}'
      Cf-Cache-Status:
      - DYNAMIC
      Server:
      - cloudflare
      Cf-Ray:
      - 9a2c9684ba299aa4-EWR
    body:
      encoding: ASCII-8BIT
      string: '{"id":"webset_01kaq264xhj1h28r5x0xnvdt3r","object":"webset","status":"running","externalId":null,"title":"Companies:
        E-commerce, California, recent funding","searches":[{"id":"wsearch_01kaq267v95bhgva289ytxzpnv","object":"webset_search","websetId":"webset_01kaq264xhj1h28r5x0xnvdt3r","status":"running","query":"E-commerce
        companies in California with recent funding","entity":{"type":"company"},"criteria":[{"description":"raised
        funding in the last 12 months","successRate":50},{"description":"focused on
        direct-to-consumer products","successRate":16.67}],"count":1,"behavior":"override","exclude":[],"scope":[],"progress":{"found":1,"analyzed":6,"completion":100,"timeLeft":0},"recall":null,"metadata":{},"canceledAt":null,"canceledReason":null,"createdAt":"2025-11-23T00:35:28.745Z","updatedAt":"2025-11-23T00:35:30.760Z"}],"imports":[],"enrichments":[{"id":"wenrich_cmiazl6hg000gj01sdk5vkw46","object":"webset_enrichment","status":"pending","websetId":"webset_01kaq264xhj1h28r5x0xnvdt3r","title":null,"description":"Recent
        funding amount","format":"text","options":null,"instructions":null,"metadata":{},"createdAt":"2025-11-23T00:35:28.660Z","updatedAt":"2025-11-23T00:35:28.660Z"},{"id":"wenrich_cmiazl6hg000hj01sc68j39cd","object":"webset_enrichment","status":"pending","websetId":"webset_01kaq264xhj1h28r5x0xnvdt3r","title":null,"description":"LinkedIn
        URL","format":"url","options":null,"instructions":null,"metadata":{},"createdAt":"2025-11-23T00:35:28.660Z","updatedAt":"2025-11-23T00:35:28.660Z"}],"monitors":[],"excludes":[],"metadata":{"team":"growth","project":"Q1-2024-research"},"createdAt":"2025-11-23T00:35:25.745Z","updatedAt":"2025-11-23T00:35:30.760Z","items":[]}'
  recorded_at: Sun, 23 Nov 2025 00:35:41 GMT
- request:
    method: get
    uri: https://api.exa.ai/websets/v0/websets/webset_01kaq264xhj1h28r5x0xnvdt3r
    body:
      encoding: US-ASCII
      string: ''
    headers:
      X-Api-Key:
      - "<EXA_API_KEY>"
      User-Agent:
      - Faraday v2.14.0
      Accept-Encoding:
      - gzip;q=1.0,deflate;q=0.6,identity;q=0.3
      Accept:
      - "*/*"
  response:
    status:
      code: 200
      message: OK
    headers:
      Date:
      - Sun, 23 Nov 2025 00:35:44 GMT
      Content-Type:
      - application/json; charset=utf-8
      Transfer-Encoding:
      - chunked
      Connection:
      - keep-alive
      Nel:
      - '{"report_to":"cf-nel","success_fraction":0.0,"max_age":604800}'
      Content-Security-Policy:
      - frame-ancestors 'self'
      Cross-Origin-Opener-Policy:
      - same-origin
      Cross-Origin-Resource-Policy:
      - same-origin
      Origin-Agent-Cluster:
      - "?1"
      Referrer-Policy:
      - no-referrer
      Strict-Transport-Security:
      - max-age=31536000; includeSubDomains
      X-Content-Type-Options:
      - nosniff
      X-Dns-Prefetch-Control:
      - 'off'
      X-Download-Options:
      - noopen
      X-Frame-Options:
      - DENY
      X-Permitted-Cross-Domain-Policies:
      - none
      X-Xss-Protection:
      - '0'
      Vary:
      - Origin
      Access-Control-Allow-Credentials:
      - 'true'
      Etag:
      - W/"767-TVoYm5/BQQX+CaUhgSv7wWAtWqY"
      Report-To:
      - '{"group":"cf-nel","max_age":604800,"endpoints":[{"url":"https://a.nel.cloudflare.com/report/v4?s=Qe6fzx6wFaChH3GaLEHmIT%2F4odXu%2BJsgIVLqNtGO4GApqE78aKEzQP47Ad0dfCYKqzsSZ2pACDQYbqs627eFqLq3GomxMoxdiqg%2BGyBEc8ELeks%3D"}]}'
      Cf-Cache-Status:
      - DYNAMIC
      Server:
      - cloudflare
      Cf-Ray:
      - 9a2c9695ef89d953-EWR
    body:
      encoding: ASCII-8BIT
      string: '{"id":"webset_01kaq264xhj1h28r5x0xnvdt3r","object":"webset","status":"running","externalId":null,"title":"Companies:
        E-commerce, California, recent funding","searches":[{"id":"wsearch_01kaq267v95bhgva289ytxzpnv","object":"webset_search","websetId":"webset_01kaq264xhj1h28r5x0xnvdt3r","status":"running","query":"E-commerce
        companies in California with recent funding","entity":{"type":"company"},"criteria":[{"description":"raised
        funding in the last 12 months","successRate":50},{"description":"focused on
        direct-to-consumer products","successRate":16.67}],"count":1,"behavior":"override","exclude":[],"scope":[],"progress":{"found":1,"analyzed":6,"completion":100,"timeLeft":0},"recall":null,"metadata":{},"canceledAt":null,"canceledReason":null,"createdAt":"2025-11-23T00:35:28.745Z","updatedAt":"2025-11-23T00:35:30.760Z"}],"imports":[],"enrichments":[{"id":"wenrich_cmiazl6hg000gj01sdk5vkw46","object":"webset_enrichment","status":"pending","websetId":"webset_01kaq264xhj1h28r5x0xnvdt3r","title":"Recent
        Funding Amt","description":"Recent funding amount","format":"text","options":null,"instructions":"Find
        the company''s most recent funding amount in USD using dollar sign and commas
        (e.g., ''$45,200,000'').","metadata":{},"createdAt":"2025-11-23T00:35:28.660Z","updatedAt":"2025-11-23T00:35:43.041Z"},{"id":"wenrich_cmiazl6hg000hj01sc68j39cd","object":"webset_enrichment","status":"pending","websetId":"webset_01kaq264xhj1h28r5x0xnvdt3r","title":"LinkedIn
        URL","description":"LinkedIn URL","format":"url","options":null,"instructions":"Find
        the company''s official LinkedIn profile URL and output it as a normalized
        URL.","metadata":{},"createdAt":"2025-11-23T00:35:28.660Z","updatedAt":"2025-11-23T00:35:43.041Z"}],"monitors":[],"excludes":[],"metadata":{"team":"growth","project":"Q1-2024-research"},"createdAt":"2025-11-23T00:35:25.745Z","updatedAt":"2025-11-23T00:35:43.041Z","items":[]}'
  recorded_at: Sun, 23 Nov 2025 00:35:44 GMT
- request:
    method: get
    uri: https://api.exa.ai/websets/v0/websets/webset_01kaq264xhj1h28r5x0xnvdt3r
    body:
      encoding: US-ASCII
      string: ''
    headers:
      X-Api-Key:
      - "<EXA_API_KEY>"
      User-Agent:
      - Faraday v2.14.0
      Accept-Encoding:
      - gzip;q=1.0,deflate;q=0.6,identity;q=0.3
      Accept:
      - "*/*"
  response:
    status:
      code: 200
      message: OK
    headers:
      Date:
      - Sun, 23 Nov 2025 00:35:48 GMT
      Content-Type:
      - application/json; charset=utf-8
      Transfer-Encoding:
      - chunked
      Connection:
      - keep-alive
      Nel:
      - '{"report_to":"cf-nel","success_fraction":0.0,"max_age":604800}'
      Content-Security-Policy:
      - frame-ancestors 'self'
      Cross-Origin-Opener-Policy:
      - same-origin
      Cross-Origin-Resource-Policy:
      - same-origin
      Origin-Agent-Cluster:
      - "?1"
      Referrer-Policy:
      - no-referrer
      Strict-Transport-Security:
      - max-age=31536000; includeSubDomains
      X-Content-Type-Options:
      - nosniff
      X-Dns-Prefetch-Control:
      - 'off'
      X-Download-Options:
      - noopen
      X-Frame-Options:
      - DENY
      X-Permitted-Cross-Domain-Policies:
      - none
      X-Xss-Protection:
      - '0'
      Vary:
      - Origin
      Access-Control-Allow-Credentials:
      - 'true'
      Etag:
      - W/"769-2q94vyLnssojlPog2NqicgHa2ug"
      Report-To:
      - '{"group":"cf-nel","max_age":604800,"endpoints":[{"url":"https://a.nel.cloudflare.com/report/v4?s=aLaV2efygT%2B%2B8HGTbS8H92VxSFl0aXuo8SpzWiqfr6U65aIY1MMvL%2F5HnY3Z73XV%2FiE5eNWbvsTkEPdR9Zs%2FSVEoEskGabmh4ph%2BAJ6GXhh%2Busp0dw%3D%3D"}]}'
      Cf-Cache-Status:
      - DYNAMIC
      Server:
      - cloudflare
      Cf-Ray:
      - 9a2c96a6d81fe8a3-EWR
    body:
      encoding: ASCII-8BIT
      string: '{"id":"webset_01kaq264xhj1h28r5x0xnvdt3r","object":"webset","status":"running","externalId":null,"title":"Companies:
        E-commerce, California, recent funding","searches":[{"id":"wsearch_01kaq267v95bhgva289ytxzpnv","object":"webset_search","websetId":"webset_01kaq264xhj1h28r5x0xnvdt3r","status":"completed","query":"E-commerce
        companies in California with recent funding","entity":{"type":"company"},"criteria":[{"description":"raised
        funding in the last 12 months","successRate":50},{"description":"focused on
        direct-to-consumer products","successRate":16.67}],"count":1,"behavior":"override","exclude":[],"scope":[],"progress":{"found":1,"analyzed":6,"completion":100,"timeLeft":0},"recall":null,"metadata":{},"canceledAt":null,"canceledReason":null,"createdAt":"2025-11-23T00:35:28.745Z","updatedAt":"2025-11-23T00:35:46.639Z"}],"imports":[],"enrichments":[{"id":"wenrich_cmiazl6hg000gj01sdk5vkw46","object":"webset_enrichment","status":"pending","websetId":"webset_01kaq264xhj1h28r5x0xnvdt3r","title":"Recent
        Funding Amt","description":"Recent funding amount","format":"text","options":null,"instructions":"Find
        the company''s most recent funding amount in USD using dollar sign and commas
        (e.g., ''$45,200,000'').","metadata":{},"createdAt":"2025-11-23T00:35:28.660Z","updatedAt":"2025-11-23T00:35:43.041Z"},{"id":"wenrich_cmiazl6hg000hj01sc68j39cd","object":"webset_enrichment","status":"pending","websetId":"webset_01kaq264xhj1h28r5x0xnvdt3r","title":"LinkedIn
        URL","description":"LinkedIn URL","format":"url","options":null,"instructions":"Find
        the company''s official LinkedIn profile URL and output it as a normalized
        URL.","metadata":{},"createdAt":"2025-11-23T00:35:28.660Z","updatedAt":"2025-11-23T00:35:43.041Z"}],"monitors":[],"excludes":[],"metadata":{"team":"growth","project":"Q1-2024-research"},"createdAt":"2025-11-23T00:35:25.745Z","updatedAt":"2025-11-23T00:35:46.639Z","items":[]}'
  recorded_at: Sun, 23 Nov 2025 00:35:48 GMT
- request:
    method: get
    uri: https://api.exa.ai/websets/v0/websets/webset_01kaq264xhj1h28r5x0xnvdt3r
    body:
      encoding: US-ASCII
      string: ''
    headers:
      X-Api-Key:
      - "<EXA_API_KEY>"
      User-Agent:
      - Faraday v2.14.0
      Accept-Encoding:
      - gzip;q=1.0,deflate;q=0.6,identity;q=0.3
      Accept:
      - "*/*"
  response:
    status:
      code: 200
      message: OK
    headers:
      Date:
      - Sun, 23 Nov 2025 00:35:50 GMT
      Content-Type:
      - application/json; charset=utf-8
      Transfer-Encoding:
      - chunked
      Connection:
      - keep-alive
      Nel:
      - '{"report_to":"cf-nel","success_fraction":0.0,"max_age":604800}'
      Content-Security-Policy:
      - frame-ancestors 'self'
      Cross-Origin-Opener-Policy:
      - same-origin
      Cross-Origin-Resource-Policy:
      - same-origin
      Origin-Agent-Cluster:
      - "?1"
      Referrer-Policy:
      - no-referrer
      Strict-Transport-Security:
      - max-age=31536000; includeSubDomains
      X-Content-Type-Options:
      - nosniff
      X-Dns-Prefetch-Control:
      - 'off'
      X-Download-Options:
      - noopen
      X-Frame-Options:
      - DENY
      X-Permitted-Cross-Domain-Policies:
      - none
      X-Xss-Protection:
      - '0'
      Vary:
      - Origin
      Access-Control-Allow-Credentials:
      - 'true'
      Etag:
      - W/"769-2q94vyLnssojlPog2NqicgHa2ug"
      Report-To:
      - '{"group":"cf-nel","max_age":604800,"endpoints":[{"url":"https://a.nel.cloudflare.com/report/v4?s=F%2BlxN40TSOtEkXDH2V8LQxvOJIP7A80vDdXnTMvropUxeSkG%2FTr8k7H7uKOWHwxUl2l%2BhXkginNlwiRrNWAhSTqPWuJVLAEeldilUBZEfsWsh17Zhw%3D%3D"}]}'
      Cf-Cache-Status:
      - DYNAMIC
      Server:
      - cloudflare
      Cf-Ray:
      - 9a2c96bf2c7632b1-EWR
    body:
      encoding: ASCII-8BIT
      string: '{"id":"webset_01kaq264xhj1h28r5x0xnvdt3r","object":"webset","status":"running","externalId":null,"title":"Companies:
        E-commerce, California, recent funding","searches":[{"id":"wsearch_01kaq267v95bhgva289ytxzpnv","object":"webset_search","websetId":"webset_01kaq264xhj1h28r5x0xnvdt3r","status":"completed","query":"E-commerce
        companies in California with recent funding","entity":{"type":"company"},"criteria":[{"description":"raised
        funding in the last 12 months","successRate":50},{"description":"focused on
        direct-to-consumer products","successRate":16.67}],"count":1,"behavior":"override","exclude":[],"scope":[],"progress":{"found":1,"analyzed":6,"completion":100,"timeLeft":0},"recall":null,"metadata":{},"canceledAt":null,"canceledReason":null,"createdAt":"2025-11-23T00:35:28.745Z","updatedAt":"2025-11-23T00:35:46.639Z"}],"imports":[],"enrichments":[{"id":"wenrich_cmiazl6hg000gj01sdk5vkw46","object":"webset_enrichment","status":"pending","websetId":"webset_01kaq264xhj1h28r5x0xnvdt3r","title":"Recent
        Funding Amt","description":"Recent funding amount","format":"text","options":null,"instructions":"Find
        the company''s most recent funding amount in USD using dollar sign and commas
        (e.g., ''$45,200,000'').","metadata":{},"createdAt":"2025-11-23T00:35:28.660Z","updatedAt":"2025-11-23T00:35:43.041Z"},{"id":"wenrich_cmiazl6hg000hj01sc68j39cd","object":"webset_enrichment","status":"pending","websetId":"webset_01kaq264xhj1h28r5x0xnvdt3r","title":"LinkedIn
        URL","description":"LinkedIn URL","format":"url","options":null,"instructions":"Find
        the company''s official LinkedIn profile URL and output it as a normalized
        URL.","metadata":{},"createdAt":"2025-11-23T00:35:28.660Z","updatedAt":"2025-11-23T00:35:43.041Z"}],"monitors":[],"excludes":[],"metadata":{"team":"growth","project":"Q1-2024-research"},"createdAt":"2025-11-23T00:35:25.745Z","updatedAt":"2025-11-23T00:35:46.639Z","items":[]}'
  recorded_at: Sun, 23 Nov 2025 00:35:50 GMT
- request:
    method: get
    uri: https://api.exa.ai/websets/v0/websets/webset_01kaq264xhj1h28r5x0xnvdt3r
    body:
      encoding: US-ASCII
      string: ''
    headers:
      X-Api-Key:
      - "<EXA_API_KEY>"
      User-Agent:
      - Faraday v2.14.0
      Accept-Encoding:
      - gzip;q=1.0,deflate;q=0.6,identity;q=0.3
      Accept:
      - "*/*"
  response:
    status:
      code: 200
      message: OK
    headers:
      Date:
      - Sun, 23 Nov 2025 00:35:55 GMT
      Content-Type:
      - application/json; charset=utf-8
      Transfer-Encoding:
      - chunked
      Connection:
      - keep-alive
      Content-Security-Policy:
      - frame-ancestors 'self'
      Cross-Origin-Opener-Policy:
      - same-origin
      Cross-Origin-Resource-Policy:
      - same-origin
      Origin-Agent-Cluster:
      - "?1"
      Referrer-Policy:
      - no-referrer
      Strict-Transport-Security:
      - max-age=31536000; includeSubDomains
      X-Content-Type-Options:
      - nosniff
      X-Dns-Prefetch-Control:
      - 'off'
      X-Download-Options:
      - noopen
      X-Frame-Options:
      - DENY
      X-Permitted-Cross-Domain-Policies:
      - none
      X-Xss-Protection:
      - '0'
      Vary:
      - Origin
      Access-Control-Allow-Credentials:
      - 'true'
      Etag:
      - W/"769-2q94vyLnssojlPog2NqicgHa2ug"
      Cf-Cache-Status:
      - DYNAMIC
      Nel:
      - '{"report_to":"cf-nel","success_fraction":0.0,"max_age":604800}'
      Report-To:
      - '{"group":"cf-nel","max_age":604800,"endpoints":[{"url":"https://a.nel.cloudflare.com/report/v4?s=01IsCiBIP%2BRY6ccuzbkhen5FA11dieIwnS9mDabteW4dGxF5X0vonOmwV07YtzXJmumEUUZkv4jApOYpF2hcflpZ0VOqjH86KaxghNOq9binOnRHIg%3D%3D"}]}'
      Server:
      - cloudflare
      Cf-Ray:
      - 9a2c96cffe03cdf0-EWR
    body:
      encoding: ASCII-8BIT
      string: '{"id":"webset_01kaq264xhj1h28r5x0xnvdt3r","object":"webset","status":"running","externalId":null,"title":"Companies:
        E-commerce, California, recent funding","searches":[{"id":"wsearch_01kaq267v95bhgva289ytxzpnv","object":"webset_search","websetId":"webset_01kaq264xhj1h28r5x0xnvdt3r","status":"completed","query":"E-commerce
        companies in California with recent funding","entity":{"type":"company"},"criteria":[{"description":"raised
        funding in the last 12 months","successRate":50},{"description":"focused on
        direct-to-consumer products","successRate":16.67}],"count":1,"behavior":"override","exclude":[],"scope":[],"progress":{"found":1,"analyzed":6,"completion":100,"timeLeft":0},"recall":null,"metadata":{},"canceledAt":null,"canceledReason":null,"createdAt":"2025-11-23T00:35:28.745Z","updatedAt":"2025-11-23T00:35:46.639Z"}],"imports":[],"enrichments":[{"id":"wenrich_cmiazl6hg000gj01sdk5vkw46","object":"webset_enrichment","status":"pending","websetId":"webset_01kaq264xhj1h28r5x0xnvdt3r","title":"Recent
        Funding Amt","description":"Recent funding amount","format":"text","options":null,"instructions":"Find
        the company''s most recent funding amount in USD using dollar sign and commas
        (e.g., ''$45,200,000'').","metadata":{},"createdAt":"2025-11-23T00:35:28.660Z","updatedAt":"2025-11-23T00:35:43.041Z"},{"id":"wenrich_cmiazl6hg000hj01sc68j39cd","object":"webset_enrichment","status":"pending","websetId":"webset_01kaq264xhj1h28r5x0xnvdt3r","title":"LinkedIn
        URL","description":"LinkedIn URL","format":"url","options":null,"instructions":"Find
        the company''s official LinkedIn profile URL and output it as a normalized
        URL.","metadata":{},"createdAt":"2025-11-23T00:35:28.660Z","updatedAt":"2025-11-23T00:35:43.041Z"}],"monitors":[],"excludes":[],"metadata":{"team":"growth","project":"Q1-2024-research"},"createdAt":"2025-11-23T00:35:25.745Z","updatedAt":"2025-11-23T00:35:46.639Z","items":[]}'
  recorded_at: Sun, 23 Nov 2025 00:35:55 GMT
- request:
    method: get
    uri: https://api.exa.ai/websets/v0/websets/webset_01kaq264xhj1h28r5x0xnvdt3r
    body:
      encoding: US-ASCII
      string: ''
    headers:
      X-Api-Key:
      - "<EXA_API_KEY>"
      User-Agent:
      - Faraday v2.14.0
      Accept-Encoding:
      - gzip;q=1.0,deflate;q=0.6,identity;q=0.3
      Accept:
      - "*/*"
  response:
    status:
      code: 200
      message: OK
    headers:
      Date:
      - Sun, 23 Nov 2025 00:35:58 GMT
      Content-Type:
      - application/json; charset=utf-8
      Transfer-Encoding:
      - chunked
      Connection:
      - keep-alive
      Nel:
      - '{"report_to":"cf-nel","success_fraction":0.0,"max_age":604800}'
      Content-Security-Policy:
      - frame-ancestors 'self'
      Cross-Origin-Opener-Policy:
      - same-origin
      Cross-Origin-Resource-Policy:
      - same-origin
      Origin-Agent-Cluster:
      - "?1"
      Referrer-Policy:
      - no-referrer
      Strict-Transport-Security:
      - max-age=31536000; includeSubDomains
      X-Content-Type-Options:
      - nosniff
      X-Dns-Prefetch-Control:
      - 'off'
      X-Download-Options:
      - noopen
      X-Frame-Options:
      - DENY
      X-Permitted-Cross-Domain-Policies:
      - none
      X-Xss-Protection:
      - '0'
      Vary:
      - Origin
      Access-Control-Allow-Credentials:
      - 'true'
      Etag:
      - W/"769-2q94vyLnssojlPog2NqicgHa2ug"
      Report-To:
      - '{"group":"cf-nel","max_age":604800,"endpoints":[{"url":"https://a.nel.cloudflare.com/report/v4?s=LoOowgcRmopbBrzinYZywx%2F%2BdlgsSVwlGMihujzqY4HhjdxQtlpQ6HcgmZtunmTXD%2FjlHZnyGoimzG95P2Kelpu7tBVq58enP6AegZoQFI9Po0E%3D"}]}'
      Cf-Cache-Status:
      - DYNAMIC
      Server:
      - cloudflare
      Cf-Ray:
      - 9a2c96ef69c3d474-EWR
    body:
      encoding: ASCII-8BIT
      string: '{"id":"webset_01kaq264xhj1h28r5x0xnvdt3r","object":"webset","status":"running","externalId":null,"title":"Companies:
        E-commerce, California, recent funding","searches":[{"id":"wsearch_01kaq267v95bhgva289ytxzpnv","object":"webset_search","websetId":"webset_01kaq264xhj1h28r5x0xnvdt3r","status":"completed","query":"E-commerce
        companies in California with recent funding","entity":{"type":"company"},"criteria":[{"description":"raised
        funding in the last 12 months","successRate":50},{"description":"focused on
        direct-to-consumer products","successRate":16.67}],"count":1,"behavior":"override","exclude":[],"scope":[],"progress":{"found":1,"analyzed":6,"completion":100,"timeLeft":0},"recall":null,"metadata":{},"canceledAt":null,"canceledReason":null,"createdAt":"2025-11-23T00:35:28.745Z","updatedAt":"2025-11-23T00:35:46.639Z"}],"imports":[],"enrichments":[{"id":"wenrich_cmiazl6hg000gj01sdk5vkw46","object":"webset_enrichment","status":"pending","websetId":"webset_01kaq264xhj1h28r5x0xnvdt3r","title":"Recent
        Funding Amt","description":"Recent funding amount","format":"text","options":null,"instructions":"Find
        the company''s most recent funding amount in USD using dollar sign and commas
        (e.g., ''$45,200,000'').","metadata":{},"createdAt":"2025-11-23T00:35:28.660Z","updatedAt":"2025-11-23T00:35:43.041Z"},{"id":"wenrich_cmiazl6hg000hj01sc68j39cd","object":"webset_enrichment","status":"pending","websetId":"webset_01kaq264xhj1h28r5x0xnvdt3r","title":"LinkedIn
        URL","description":"LinkedIn URL","format":"url","options":null,"instructions":"Find
        the company''s official LinkedIn profile URL and output it as a normalized
        URL.","metadata":{},"createdAt":"2025-11-23T00:35:28.660Z","updatedAt":"2025-11-23T00:35:43.041Z"}],"monitors":[],"excludes":[],"metadata":{"team":"growth","project":"Q1-2024-research"},"createdAt":"2025-11-23T00:35:25.745Z","updatedAt":"2025-11-23T00:35:46.639Z","items":[]}'
  recorded_at: Sun, 23 Nov 2025 00:35:58 GMT
- request:
    method: get
    uri: https://api.exa.ai/websets/v0/websets/webset_01kaq264xhj1h28r5x0xnvdt3r
    body:
      encoding: US-ASCII
      string: ''
    headers:
      X-Api-Key:
      - "<EXA_API_KEY>"
      User-Agent:
      - Faraday v2.14.0
      Accept-Encoding:
      - gzip;q=1.0,deflate;q=0.6,identity;q=0.3
      Accept:
      - "*/*"
  response:
    status:
      code: 200
      message: OK
    headers:
      Date:
      - Sun, 23 Nov 2025 00:36:01 GMT
      Content-Type:
      - application/json; charset=utf-8
      Transfer-Encoding:
      - chunked
      Connection:
      - keep-alive
      Nel:
      - '{"report_to":"cf-nel","success_fraction":0.0,"max_age":604800}'
      Content-Security-Policy:
      - frame-ancestors 'self'
      Cross-Origin-Opener-Policy:
      - same-origin
      Cross-Origin-Resource-Policy:
      - same-origin
      Origin-Agent-Cluster:
      - "?1"
      Referrer-Policy:
      - no-referrer
      Strict-Transport-Security:
      - max-age=31536000; includeSubDomains
      X-Content-Type-Options:
      - nosniff
      X-Dns-Prefetch-Control:
      - 'off'
      X-Download-Options:
      - noopen
      X-Frame-Options:
      - DENY
      X-Permitted-Cross-Domain-Policies:
      - none
      X-Xss-Protection:
      - '0'
      Vary:
      - Origin
      Access-Control-Allow-Credentials:
      - 'true'
      Etag:
      - W/"76a-+ZV4dLoJOoPVEUlngSwBj2P+apI"
      Report-To:
      - '{"group":"cf-nel","max_age":604800,"endpoints":[{"url":"https://a.nel.cloudflare.com/report/v4?s=iC7jSSt0kf3fFjw7s5ARFLL7AkoWHMmrTEWZwsARYnSVmxHQ2Q5ogNlCo8B4Ixl2iIQTRDcvyHKIXmcrvlY3eBbgNWbLEw7epSV3QEpmHLCsCgnfWA%3D%3D"}]}'
      Cf-Cache-Status:
      - DYNAMIC
      Server:
      - cloudflare
      Cf-Ray:
      - 9a2c970068ba7206-EWR
    body:
      encoding: ASCII-8BIT
      string: '{"id":"webset_01kaq264xhj1h28r5x0xnvdt3r","object":"webset","status":"idle","externalId":null,"title":"Companies:
        E-commerce, California, recent funding","searches":[{"id":"wsearch_01kaq267v95bhgva289ytxzpnv","object":"webset_search","websetId":"webset_01kaq264xhj1h28r5x0xnvdt3r","status":"completed","query":"E-commerce
        companies in California with recent funding","entity":{"type":"company"},"criteria":[{"description":"raised
        funding in the last 12 months","successRate":50},{"description":"focused on
        direct-to-consumer products","successRate":16.67}],"count":1,"behavior":"override","exclude":[],"scope":[],"progress":{"found":1,"analyzed":6,"completion":100,"timeLeft":0},"recall":null,"metadata":{},"canceledAt":null,"canceledReason":null,"createdAt":"2025-11-23T00:35:28.745Z","updatedAt":"2025-11-23T00:35:46.639Z"}],"imports":[],"enrichments":[{"id":"wenrich_cmiazl6hg000gj01sdk5vkw46","object":"webset_enrichment","status":"completed","websetId":"webset_01kaq264xhj1h28r5x0xnvdt3r","title":"Recent
        Funding Amt","description":"Recent funding amount","format":"text","options":null,"instructions":"Find
        the company''s most recent funding amount in USD using dollar sign and commas
        (e.g., ''$45,200,000'').","metadata":{},"createdAt":"2025-11-23T00:35:28.660Z","updatedAt":"2025-11-23T00:35:58.950Z"},{"id":"wenrich_cmiazl6hg000hj01sc68j39cd","object":"webset_enrichment","status":"completed","websetId":"webset_01kaq264xhj1h28r5x0xnvdt3r","title":"LinkedIn
        URL","description":"LinkedIn URL","format":"url","options":null,"instructions":"Find
        the company''s official LinkedIn profile URL and output it as a normalized
        URL.","metadata":{},"createdAt":"2025-11-23T00:35:28.660Z","updatedAt":"2025-11-23T00:35:58.950Z"}],"monitors":[],"excludes":[],"metadata":{"team":"growth","project":"Q1-2024-research"},"createdAt":"2025-11-23T00:35:25.745Z","updatedAt":"2025-11-23T00:35:58.950Z","items":[]}'
  recorded_at: Sun, 23 Nov 2025 00:36:01 GMT
- request:
    method: get
    uri: https://api.exa.ai/websets/v0/websets?limit=10
    body:
      encoding: US-ASCII
      string: ''
    headers:
      X-Api-Key:
      - "<EXA_API_KEY>"
      User-Agent:
      - Faraday v2.14.0
      Accept-Encoding:
      - gzip;q=1.0,deflate;q=0.6,identity;q=0.3
      Accept:
      - "*/*"
  response:
    status:
      code: 200
      message: OK
    headers:
      Date:
      - Sun, 23 Nov 2025 00:36:02 GMT
      Content-Type:
      - application/json; charset=utf-8
      Transfer-Encoding:
      - chunked
      Connection:
      - keep-alive
      Nel:
      - '{"report_to":"cf-nel","success_fraction":0.0,"max_age":604800}'
      Content-Security-Policy:
      - frame-ancestors 'self'
      Cross-Origin-Opener-Policy:
      - same-origin
      Cross-Origin-Resource-Policy:
      - same-origin
      Origin-Agent-Cluster:
      - "?1"
      Referrer-Policy:
      - no-referrer
      Strict-Transport-Security:
      - max-age=31536000; includeSubDomains
      X-Content-Type-Options:
      - nosniff
      X-Dns-Prefetch-Control:
      - 'off'
      X-Download-Options:
      - noopen
      X-Frame-Options:
      - DENY
      X-Permitted-Cross-Domain-Policies:
      - none
      X-Xss-Protection:
      - '0'
      Vary:
      - Origin
      Access-Control-Allow-Credentials:
      - 'true'
      Etag:
      - W/"3255-Jqpc8CA9/NVYIX42IjoFIUMLbgE"
      Report-To:
      - '{"group":"cf-nel","max_age":604800,"endpoints":[{"url":"https://a.nel.cloudflare.com/report/v4?s=DttkvRk3GTIng1z2gwE0rWn%2BA4%2FkAa2tEwVXp5tw7EqjB13S%2FExMgsrFJAxiaQMSNXQ3Gdd%2FhBd76Yw%2B3YoNOh2GUs9xwH1%2BWFnydOj0P6JQHrdP9A%3D%3D"}]}'
      Cf-Cache-Status:
      - DYNAMIC
      Server:
      - cloudflare
      Cf-Ray:
      - 9a2c9704fdb5b1bc-EWR
    body:
      encoding: ASCII-8BIT
      string: '{"data":[{"id":"webset_01kaq264xhj1h28r5x0xnvdt3r","object":"webset","status":"idle","externalId":null,"title":"Companies:
        E-commerce, California, recent funding","searches":[{"id":"wsearch_01kaq267v95bhgva289ytxzpnv","object":"webset_search","websetId":"webset_01kaq264xhj1h28r5x0xnvdt3r","status":"completed","query":"E-commerce
        companies in California with recent funding","entity":{"type":"company"},"criteria":[{"description":"raised
        funding in the last 12 months","successRate":50},{"description":"focused on
        direct-to-consumer products","successRate":16.67}],"count":1,"behavior":"override","exclude":[],"scope":[],"progress":{"found":1,"analyzed":6,"completion":100,"timeLeft":0},"recall":null,"metadata":{},"canceledAt":null,"canceledReason":null,"createdAt":"2025-11-23T00:35:28.745Z","updatedAt":"2025-11-23T00:35:46.639Z"}],"imports":[],"enrichments":[{"id":"wenrich_cmiazl6hg000hj01sc68j39cd","object":"webset_enrichment","status":"completed","websetId":"webset_01kaq264xhj1h28r5x0xnvdt3r","title":"LinkedIn
        URL","description":"LinkedIn URL","format":"url","options":null,"instructions":"Find
        the company''s official LinkedIn profile URL and output it as a normalized
        URL.","metadata":{},"createdAt":"2025-11-23T00:35:28.660Z","updatedAt":"2025-11-23T00:35:58.950Z"},{"id":"wenrich_cmiazl6hg000gj01sdk5vkw46","object":"webset_enrichment","status":"completed","websetId":"webset_01kaq264xhj1h28r5x0xnvdt3r","title":"Recent
        Funding Amt","description":"Recent funding amount","format":"text","options":null,"instructions":"Find
        the company''s most recent funding amount in USD using dollar sign and commas
        (e.g., ''$45,200,000'').","metadata":{},"createdAt":"2025-11-23T00:35:28.660Z","updatedAt":"2025-11-23T00:35:58.950Z"}],"monitors":[],"excludes":[],"metadata":{"team":"growth","project":"Q1-2024-research"},"createdAt":"2025-11-23T00:35:25.745Z","updatedAt":"2025-11-23T00:35:58.950Z"},{"id":"webset_01kaq0fbpkbrhz8q8332b5j2zx","object":"webset","status":"idle","externalId":null,"title":"Companies:
        AI/ML infrastructure startups, Series A funding","searches":[{"id":"wsearch_01kaq0fc2r0hfk1x0er6gwf4zn","object":"webset_search","websetId":"webset_01kaq0fbpkbrhz8q8332b5j2zx","status":"completed","query":"AI/ML
        infrastructure startups with Series A funding","entity":{"type":"company"},"criteria":[{"description":"Early-stage
        company (startup) providing AI/ML infrastructure products or services that
        has raised Series A funding","successRate":9.09}],"count":1,"behavior":"override","exclude":[],"scope":[],"progress":{"found":1,"analyzed":11,"completion":100,"timeLeft":0},"recall":null,"metadata":{},"canceledAt":null,"canceledReason":null,"createdAt":"2025-11-23T00:05:30.840Z","updatedAt":"2025-11-23T00:05:53.050Z"}],"imports":[],"enrichments":[],"monitors":[],"excludes":[],"metadata":{},"createdAt":"2025-11-23T00:05:30.451Z","updatedAt":"2025-11-23T00:05:53.050Z"},{"id":"webset_01kapx32vp5jp2a5qct4hktmhc","object":"webset","status":"idle","externalId":null,"title":"Fintech
        Companies","searches":[{"id":"wsearch_01kapx337jkd0bcbh78nnq7q7e","object":"webset_search","websetId":"webset_01kapx32vp5jp2a5qct4hktmhc","status":"completed","query":"Fintech
        companies","entity":{"type":"company"},"criteria":[{"description":"Company
        operates in the financial technology (fintech) sector","successRate":100}],"count":1,"behavior":"override","exclude":[],"scope":[],"progress":{"found":1,"analyzed":1,"completion":100,"timeLeft":0},"recall":null,"metadata":{},"canceledAt":null,"canceledReason":null,"createdAt":"2025-11-22T23:06:22.834Z","updatedAt":"2025-11-22T23:06:37.513Z"}],"imports":[],"enrichments":[{"id":"wenrich_01kapx35gbss5f9ax5d0s6st7h","object":"webset_enrichment","status":"completed","websetId":"webset_01kapx32vp5jp2a5qct4hktmhc","title":"HQ
        Location","description":"Find headquarters location","format":"text","options":null,"instructions":"Find
        the company''s headquarters location in format ''city | state/province | country''
        (e.g., ''San Francisco | CA | United States'').","metadata":{},"createdAt":"2025-11-22T23:06:25.163Z","updatedAt":"2025-11-22T23:06:49.895Z"}],"monitors":[],"excludes":[],"metadata":{},"createdAt":"2025-11-22T23:06:22.454Z","updatedAt":"2025-11-22T23:06:49.895Z"},{"id":"webset_01kapx2e4b852ct43ey6nk67vm","object":"webset","status":"idle","externalId":null,"title":"Companies:
        AI-focused","searches":[{"id":"wsearch_01kapx2efr7e151jep3t6gzsg3","object":"webset_search","websetId":"webset_01kapx2e4b852ct43ey6nk67vm","status":"completed","query":"AI
        companies","entity":{"type":"company"},"criteria":[{"description":"Company
        operates in the artificial intelligence (AI) industry or develops AI-related
        products or services","successRate":100}],"count":1,"behavior":"override","exclude":[],"scope":[],"progress":{"found":1,"analyzed":1,"completion":100,"timeLeft":0},"recall":null,"metadata":{},"canceledAt":null,"canceledReason":null,"createdAt":"2025-11-22T23:06:01.592Z","updatedAt":"2025-11-22T23:06:33.428Z"}],"imports":[],"enrichments":[{"id":"wenrich_01kapx2gxh0871pzbd3s0ts997","object":"webset_enrichment","status":"completed","websetId":"webset_01kapx2e4b852ct43ey6nk67vm","title":"Website","description":"Find
        website URL","format":"url","options":null,"instructions":"Find the company''s
        official website URL.","metadata":{},"createdAt":"2025-11-22T23:06:04.081Z","updatedAt":"2025-11-22T23:06:45.733Z"}],"monitors":[],"excludes":[],"metadata":{},"createdAt":"2025-11-22T23:06:01.227Z","updatedAt":"2025-11-22T23:06:45.733Z"},{"id":"webset_01kapx286k0f1a5myzb0hsfgv5","object":"webset","status":"idle","externalId":null,"title":"Manufacturing
        Companies","searches":[{"id":"wsearch_01kapx28k8rfen72dbcp56htc2","object":"webset_search","websetId":"webset_01kapx286k0f1a5myzb0hsfgv5","status":"completed","query":"Manufacturing
        companies","entity":{"type":"company"},"criteria":[{"description":"Company
        operates in the manufacturing industry","successRate":100}],"count":1,"behavior":"override","exclude":[],"scope":[],"progress":{"found":1,"analyzed":1,"completion":100,"timeLeft":0},"recall":null,"metadata":{},"canceledAt":null,"canceledReason":null,"createdAt":"2025-11-22T23:05:55.560Z","updatedAt":"2025-11-22T23:06:13.136Z"}],"imports":[],"enrichments":[],"monitors":[],"excludes":[],"metadata":{},"createdAt":"2025-11-22T23:05:55.155Z","updatedAt":"2025-11-22T23:06:13.136Z"},{"id":"webset_01kapx2444jxdhq96qv58h6w51","object":"webset","status":"idle","externalId":null,"title":"E-commerce
        Companies","searches":[{"id":"wsearch_01kapx24gdgjyrszqnran63149","object":"webset_search","websetId":"webset_01kapx2444jxdhq96qv58h6w51","status":"completed","query":"E-commerce
        companies","entity":{"type":"company"},"criteria":[{"description":"Company
        operates primarily in the e-commerce industry","successRate":50}],"count":1,"behavior":"override","exclude":[],"scope":[],"progress":{"found":1,"analyzed":2,"completion":100,"timeLeft":0},"recall":null,"metadata":{},"canceledAt":null,"canceledReason":null,"createdAt":"2025-11-22T23:05:51.373Z","updatedAt":"2025-11-22T23:06:10.337Z"}],"imports":[],"enrichments":[{"id":"wenrich_01kapx272td2trv64n7e188pm5","object":"webset_enrichment","status":"completed","websetId":"webset_01kapx2444jxdhq96qv58h6w51","title":"Mobile
        App","description":"Has mobile app?","format":"options","options":[{"label":"Yes"},{"label":"No"},{"label":"Unknown"}],"instructions":"Determine
        if the company has a mobile app and select one option: ''Yes'', ''No'', or
        ''Unknown''.","metadata":{},"createdAt":"2025-11-22T23:05:54.010Z","updatedAt":"2025-11-22T23:06:23.002Z"}],"monitors":[],"excludes":[],"metadata":{},"createdAt":"2025-11-22T23:05:50.980Z","updatedAt":"2025-11-22T23:06:23.002Z"},{"id":"webset_01kapx1wq70p5674srsjz1edyv","object":"webset","status":"idle","externalId":null,"title":"Companies:
        Education sector","searches":[{"id":"wsearch_01kapx1x2wefpm5nnxyn33gmkz","object":"webset_search","websetId":"webset_01kapx1wq70p5674srsjz1edyv","status":"completed","query":"Education
        companies","entity":{"type":"company"},"criteria":[{"description":"Company
        operates in the education industry","successRate":100}],"count":1,"behavior":"override","exclude":[],"scope":[],"progress":{"found":1,"analyzed":1,"completion":100,"timeLeft":0},"recall":null,"metadata":{},"canceledAt":null,"canceledReason":null,"createdAt":"2025-11-22T23:05:43.772Z","updatedAt":"2025-11-22T23:05:57.763Z"}],"imports":[],"enrichments":[{"id":"wenrich_01kapx1zbh33dwvchg150k3cw0","object":"webset_enrichment","status":"canceled","websetId":"webset_01kapx1wq70p5674srsjz1edyv","title":"[Deprecated]","description":"To
        be cancelled","format":"text","options":null,"instructions":"This column is
        deprecated and should be ignored; do not provide any data.","metadata":{},"createdAt":"2025-11-22T23:05:46.097Z","updatedAt":"2025-11-22T23:05:53.883Z"}],"monitors":[],"excludes":[],"metadata":{},"createdAt":"2025-11-22T23:05:43.399Z","updatedAt":"2025-11-22T23:05:57.763Z"},{"id":"webset_01kapx1mn39qhs359a9rt70txw","object":"webset","status":"idle","externalId":null,"title":"Healthcare
        Companies","searches":[{"id":"wsearch_01kapx1n1s9z6rmz4ky84r5kaq","object":"webset_search","websetId":"webset_01kapx1mn39qhs359a9rt70txw","status":"completed","query":"Healthcare
        companies","entity":{"type":"company"},"criteria":[{"description":"Company
        operates in the healthcare industry","successRate":100}],"count":1,"behavior":"override","exclude":[],"scope":[],"progress":{"found":1,"analyzed":1,"completion":100,"timeLeft":0},"recall":null,"metadata":{},"canceledAt":null,"canceledReason":null,"createdAt":"2025-11-22T23:05:35.545Z","updatedAt":"2025-11-22T23:05:50.334Z"}],"imports":[],"enrichments":[{"id":"wenrich_01kapx1td59nw1gk33eaa14ava","object":"webset_enrichment","status":"completed","websetId":"webset_01kapx1mn39qhs359a9rt70txw","title":"Phone
        Number","description":"Find phone number","format":"text","options":null,"instructions":"Find
        the company''s official phone number using the country''s standard format
        (e.g., ''+1 (XXX) XXX-XXXX'' for US numbers).","metadata":{},"createdAt":"2025-11-22T23:05:41.029Z","updatedAt":"2025-11-22T23:06:02.820Z"}],"monitors":[],"excludes":[],"metadata":{},"createdAt":"2025-11-22T23:05:35.139Z","updatedAt":"2025-11-22T23:06:02.820Z"},{"id":"webset_01kapx18ebpvzfcweqnxmd6z2y","object":"webset","status":"idle","externalId":null,"title":"Companies:
        AI-focused","searches":[{"id":"wsearch_01kapx18tntjqd53q3agarrpfk","object":"webset_search","websetId":"webset_01kapx18ebpvzfcweqnxmd6z2y","status":"completed","query":"AI
        companies","entity":{"type":"company"},"criteria":[{"description":"Company
        operates in the artificial intelligence (AI) industry or develops AI-related
        products or services","successRate":100}],"count":1,"behavior":"override","exclude":[],"scope":[],"progress":{"found":1,"analyzed":1,"completion":100,"timeLeft":0},"recall":null,"metadata":{},"canceledAt":null,"canceledReason":null,"createdAt":"2025-11-22T23:05:23.029Z","updatedAt":"2025-11-22T23:05:38.055Z"}],"imports":[],"enrichments":[{"id":"wenrich_01kapx1b48rkp18vrr8nw7mdcr","object":"webset_enrichment","status":"completed","websetId":"webset_01kapx18ebpvzfcweqnxmd6z2y","title":"Website","description":"Find
        website URL","format":"url","options":null,"instructions":"Find the company''s
        official website URL.","metadata":{},"createdAt":"2025-11-22T23:05:25.384Z","updatedAt":"2025-11-22T23:05:50.371Z"}],"monitors":[],"excludes":[],"metadata":{},"createdAt":"2025-11-22T23:05:22.635Z","updatedAt":"2025-11-22T23:05:50.371Z"},{"id":"webset_01kapwy29nh2w2dv91nj52fbyr","object":"webset","status":"idle","externalId":null,"title":"Healthcare
        Companies","searches":[{"id":"wsearch_01kapwy2p1kpw6ea0g755q5n6z","object":"webset_search","websetId":"webset_01kapwy29nh2w2dv91nj52fbyr","status":"completed","query":"Healthcare
        companies","entity":{"type":"company"},"criteria":[{"description":"Company
        operates in the healthcare industry","successRate":100}],"count":1,"behavior":"override","exclude":[],"scope":[],"progress":{"found":1,"analyzed":1,"completion":100,"timeLeft":0},"recall":null,"metadata":{},"canceledAt":null,"canceledReason":null,"createdAt":"2025-11-22T23:03:38.433Z","updatedAt":"2025-11-22T23:03:53.869Z"}],"imports":[],"enrichments":[{"id":"wenrich_01kapwy503k816hdnm2rhzf59s","object":"webset_enrichment","status":"completed","websetId":"webset_01kapwy29nh2w2dv91nj52fbyr","title":"Phone
        Number","description":"Find phone number","format":"text","options":null,"instructions":"Find
        the company''s main phone number in international format ''+[country code]
        [number]'' (e.g., ''+1 (555) 123-4567'' for US numbers).","metadata":{},"createdAt":"2025-11-22T23:03:40.803Z","updatedAt":"2025-11-22T23:04:06.162Z"}],"monitors":[],"excludes":[],"metadata":{},"createdAt":"2025-11-22T23:03:38.037Z","updatedAt":"2025-11-22T23:04:06.162Z"}],"hasMore":true,"nextCursor":"01kapwy29nh2w2dv91nj52fbyr"}'
  recorded_at: Sun, 23 Nov 2025 00:36:02 GMT
recorded_with: VCR 6.3.1
